[2025-08-18T09:35:49.599+0000] {processor.py:161} INFO - Started process (PID=163) to work on /opt/airflow/dags/ml_pipeline.py
[2025-08-18T09:35:49.604+0000] {processor.py:830} INFO - Processing file /opt/airflow/dags/ml_pipeline.py for tasks to queue
[2025-08-18T09:35:49.606+0000] {logging_mixin.py:188} INFO - [2025-08-18T09:35:49.605+0000] {dagbag.py:538} INFO - Filling up the DagBag from /opt/airflow/dags/ml_pipeline.py
[2025-08-18T09:35:49.782+0000] {processor.py:840} INFO - DAG(s) 'ml_pipeline' retrieved from /opt/airflow/dags/ml_pipeline.py
[2025-08-18T09:35:50.019+0000] {logging_mixin.py:188} INFO - [2025-08-18T09:35:50.019+0000] {dag.py:3036} INFO - Sync 1 DAGs
[2025-08-18T09:35:50.148+0000] {logging_mixin.py:188} INFO - [2025-08-18T09:35:50.148+0000] {dag.py:3823} INFO - Setting next_dagrun for ml_pipeline to None, run_after=None
[2025-08-18T09:35:50.341+0000] {processor.py:183} INFO - Processing /opt/airflow/dags/ml_pipeline.py took 0.756 seconds
[2025-08-18T09:36:20.714+0000] {processor.py:161} INFO - Started process (PID=168) to work on /opt/airflow/dags/ml_pipeline.py
[2025-08-18T09:36:20.716+0000] {processor.py:830} INFO - Processing file /opt/airflow/dags/ml_pipeline.py for tasks to queue
[2025-08-18T09:36:20.717+0000] {logging_mixin.py:188} INFO - [2025-08-18T09:36:20.717+0000] {dagbag.py:538} INFO - Filling up the DagBag from /opt/airflow/dags/ml_pipeline.py
[2025-08-18T09:36:20.742+0000] {processor.py:840} INFO - DAG(s) 'ml_pipeline' retrieved from /opt/airflow/dags/ml_pipeline.py
[2025-08-18T09:36:20.870+0000] {logging_mixin.py:188} INFO - [2025-08-18T09:36:20.870+0000] {dag.py:3036} INFO - Sync 1 DAGs
[2025-08-18T09:36:20.883+0000] {logging_mixin.py:188} INFO - [2025-08-18T09:36:20.882+0000] {dag.py:3823} INFO - Setting next_dagrun for ml_pipeline to None, run_after=None
[2025-08-18T09:36:20.910+0000] {processor.py:183} INFO - Processing /opt/airflow/dags/ml_pipeline.py took 0.200 seconds
[2025-08-18T09:36:51.151+0000] {processor.py:161} INFO - Started process (PID=173) to work on /opt/airflow/dags/ml_pipeline.py
[2025-08-18T09:36:51.153+0000] {processor.py:830} INFO - Processing file /opt/airflow/dags/ml_pipeline.py for tasks to queue
[2025-08-18T09:36:51.154+0000] {logging_mixin.py:188} INFO - [2025-08-18T09:36:51.154+0000] {dagbag.py:538} INFO - Filling up the DagBag from /opt/airflow/dags/ml_pipeline.py
[2025-08-18T09:36:51.183+0000] {processor.py:840} INFO - DAG(s) 'ml_pipeline' retrieved from /opt/airflow/dags/ml_pipeline.py
[2025-08-18T09:36:51.215+0000] {logging_mixin.py:188} INFO - [2025-08-18T09:36:51.215+0000] {dag.py:3036} INFO - Sync 1 DAGs
[2025-08-18T09:36:51.234+0000] {logging_mixin.py:188} INFO - [2025-08-18T09:36:51.233+0000] {dag.py:3823} INFO - Setting next_dagrun for ml_pipeline to None, run_after=None
[2025-08-18T09:36:51.265+0000] {processor.py:183} INFO - Processing /opt/airflow/dags/ml_pipeline.py took 0.118 seconds
[2025-08-18T09:37:21.342+0000] {processor.py:161} INFO - Started process (PID=178) to work on /opt/airflow/dags/ml_pipeline.py
[2025-08-18T09:37:21.344+0000] {processor.py:830} INFO - Processing file /opt/airflow/dags/ml_pipeline.py for tasks to queue
[2025-08-18T09:37:21.345+0000] {logging_mixin.py:188} INFO - [2025-08-18T09:37:21.345+0000] {dagbag.py:538} INFO - Filling up the DagBag from /opt/airflow/dags/ml_pipeline.py
[2025-08-18T09:37:21.373+0000] {processor.py:840} INFO - DAG(s) 'ml_pipeline' retrieved from /opt/airflow/dags/ml_pipeline.py
[2025-08-18T09:37:21.407+0000] {logging_mixin.py:188} INFO - [2025-08-18T09:37:21.407+0000] {dag.py:3036} INFO - Sync 1 DAGs
[2025-08-18T09:37:21.421+0000] {logging_mixin.py:188} INFO - [2025-08-18T09:37:21.421+0000] {dag.py:3823} INFO - Setting next_dagrun for ml_pipeline to None, run_after=None
[2025-08-18T09:37:21.445+0000] {processor.py:183} INFO - Processing /opt/airflow/dags/ml_pipeline.py took 0.108 seconds
[2025-08-18T09:37:51.880+0000] {processor.py:161} INFO - Started process (PID=183) to work on /opt/airflow/dags/ml_pipeline.py
[2025-08-18T09:37:51.882+0000] {processor.py:830} INFO - Processing file /opt/airflow/dags/ml_pipeline.py for tasks to queue
[2025-08-18T09:37:51.885+0000] {logging_mixin.py:188} INFO - [2025-08-18T09:37:51.884+0000] {dagbag.py:538} INFO - Filling up the DagBag from /opt/airflow/dags/ml_pipeline.py
[2025-08-18T09:37:51.941+0000] {processor.py:840} INFO - DAG(s) 'ml_pipeline' retrieved from /opt/airflow/dags/ml_pipeline.py
[2025-08-18T09:37:52.013+0000] {logging_mixin.py:188} INFO - [2025-08-18T09:37:52.013+0000] {dag.py:3036} INFO - Sync 1 DAGs
[2025-08-18T09:37:52.045+0000] {logging_mixin.py:188} INFO - [2025-08-18T09:37:52.043+0000] {dag.py:3823} INFO - Setting next_dagrun for ml_pipeline to None, run_after=None
[2025-08-18T09:37:52.090+0000] {processor.py:183} INFO - Processing /opt/airflow/dags/ml_pipeline.py took 0.223 seconds
[2025-08-18T13:59:18.495+0000] {processor.py:161} INFO - Started process (PID=2933) to work on /opt/airflow/dags/ml_pipeline.py
[2025-08-18T13:59:18.505+0000] {processor.py:830} INFO - Processing file /opt/airflow/dags/ml_pipeline.py for tasks to queue
[2025-08-18T13:59:18.511+0000] {logging_mixin.py:188} INFO - [2025-08-18T13:59:18.510+0000] {dagbag.py:538} INFO - Filling up the DagBag from /opt/airflow/dags/ml_pipeline.py
[2025-08-18T13:59:18.615+0000] {processor.py:840} INFO - DAG(s) 'ml_pipeline' retrieved from /opt/airflow/dags/ml_pipeline.py
[2025-08-18T13:59:18.677+0000] {logging_mixin.py:188} INFO - [2025-08-18T13:59:18.676+0000] {dag.py:3036} INFO - Sync 1 DAGs
[2025-08-18T13:59:18.715+0000] {logging_mixin.py:188} INFO - [2025-08-18T13:59:18.714+0000] {dag.py:3823} INFO - Setting next_dagrun for ml_pipeline to None, run_after=None
[2025-08-18T13:59:18.767+0000] {processor.py:183} INFO - Processing /opt/airflow/dags/ml_pipeline.py took 0.278 seconds
[2025-08-18T13:59:49.033+0000] {processor.py:161} INFO - Started process (PID=2938) to work on /opt/airflow/dags/ml_pipeline.py
[2025-08-18T13:59:49.035+0000] {processor.py:830} INFO - Processing file /opt/airflow/dags/ml_pipeline.py for tasks to queue
[2025-08-18T13:59:49.036+0000] {logging_mixin.py:188} INFO - [2025-08-18T13:59:49.036+0000] {dagbag.py:538} INFO - Filling up the DagBag from /opt/airflow/dags/ml_pipeline.py
[2025-08-18T13:59:49.087+0000] {processor.py:840} INFO - DAG(s) 'ml_pipeline' retrieved from /opt/airflow/dags/ml_pipeline.py
[2025-08-18T13:59:49.154+0000] {logging_mixin.py:188} INFO - [2025-08-18T13:59:49.154+0000] {dag.py:3036} INFO - Sync 1 DAGs
[2025-08-18T13:59:49.185+0000] {logging_mixin.py:188} INFO - [2025-08-18T13:59:49.184+0000] {dag.py:3823} INFO - Setting next_dagrun for ml_pipeline to None, run_after=None
[2025-08-18T13:59:49.231+0000] {processor.py:183} INFO - Processing /opt/airflow/dags/ml_pipeline.py took 0.203 seconds
[2025-08-18T14:00:19.677+0000] {processor.py:161} INFO - Started process (PID=3015) to work on /opt/airflow/dags/ml_pipeline.py
[2025-08-18T14:00:19.685+0000] {processor.py:830} INFO - Processing file /opt/airflow/dags/ml_pipeline.py for tasks to queue
[2025-08-18T14:00:19.689+0000] {logging_mixin.py:188} INFO - [2025-08-18T14:00:19.687+0000] {dagbag.py:538} INFO - Filling up the DagBag from /opt/airflow/dags/ml_pipeline.py
[2025-08-18T14:00:19.971+0000] {processor.py:840} INFO - DAG(s) 'ml_pipeline' retrieved from /opt/airflow/dags/ml_pipeline.py
[2025-08-18T14:00:20.085+0000] {logging_mixin.py:188} INFO - [2025-08-18T14:00:20.084+0000] {dag.py:3036} INFO - Sync 1 DAGs
[2025-08-18T14:00:20.137+0000] {logging_mixin.py:188} INFO - [2025-08-18T14:00:20.137+0000] {dag.py:3823} INFO - Setting next_dagrun for ml_pipeline to None, run_after=None
[2025-08-18T14:00:20.220+0000] {processor.py:183} INFO - Processing /opt/airflow/dags/ml_pipeline.py took 0.713 seconds
[2025-08-18T14:00:50.490+0000] {processor.py:161} INFO - Started process (PID=3083) to work on /opt/airflow/dags/ml_pipeline.py
[2025-08-18T14:00:50.492+0000] {processor.py:830} INFO - Processing file /opt/airflow/dags/ml_pipeline.py for tasks to queue
[2025-08-18T14:00:50.494+0000] {logging_mixin.py:188} INFO - [2025-08-18T14:00:50.493+0000] {dagbag.py:538} INFO - Filling up the DagBag from /opt/airflow/dags/ml_pipeline.py
[2025-08-18T14:00:50.531+0000] {processor.py:840} INFO - DAG(s) 'ml_pipeline' retrieved from /opt/airflow/dags/ml_pipeline.py
[2025-08-18T14:00:50.587+0000] {logging_mixin.py:188} INFO - [2025-08-18T14:00:50.586+0000] {dag.py:3036} INFO - Sync 1 DAGs
[2025-08-18T14:00:50.630+0000] {logging_mixin.py:188} INFO - [2025-08-18T14:00:50.630+0000] {dag.py:3823} INFO - Setting next_dagrun for ml_pipeline to None, run_after=None
[2025-08-18T14:00:50.679+0000] {processor.py:183} INFO - Processing /opt/airflow/dags/ml_pipeline.py took 0.195 seconds
[2025-08-18T14:01:20.777+0000] {processor.py:161} INFO - Started process (PID=3108) to work on /opt/airflow/dags/ml_pipeline.py
[2025-08-18T14:01:20.778+0000] {processor.py:830} INFO - Processing file /opt/airflow/dags/ml_pipeline.py for tasks to queue
[2025-08-18T14:01:20.779+0000] {logging_mixin.py:188} INFO - [2025-08-18T14:01:20.779+0000] {dagbag.py:538} INFO - Filling up the DagBag from /opt/airflow/dags/ml_pipeline.py
[2025-08-18T14:01:20.808+0000] {processor.py:840} INFO - DAG(s) 'ml_pipeline' retrieved from /opt/airflow/dags/ml_pipeline.py
[2025-08-18T14:01:20.849+0000] {logging_mixin.py:188} INFO - [2025-08-18T14:01:20.848+0000] {dag.py:3036} INFO - Sync 1 DAGs
[2025-08-18T14:01:20.872+0000] {logging_mixin.py:188} INFO - [2025-08-18T14:01:20.871+0000] {dag.py:3823} INFO - Setting next_dagrun for ml_pipeline to None, run_after=None
[2025-08-18T14:01:20.906+0000] {processor.py:183} INFO - Processing /opt/airflow/dags/ml_pipeline.py took 0.135 seconds
[2025-08-18T14:01:51.114+0000] {processor.py:161} INFO - Started process (PID=3113) to work on /opt/airflow/dags/ml_pipeline.py
[2025-08-18T14:01:51.115+0000] {processor.py:830} INFO - Processing file /opt/airflow/dags/ml_pipeline.py for tasks to queue
[2025-08-18T14:01:51.117+0000] {logging_mixin.py:188} INFO - [2025-08-18T14:01:51.116+0000] {dagbag.py:538} INFO - Filling up the DagBag from /opt/airflow/dags/ml_pipeline.py
[2025-08-18T14:01:51.146+0000] {processor.py:840} INFO - DAG(s) 'ml_pipeline' retrieved from /opt/airflow/dags/ml_pipeline.py
[2025-08-18T14:01:51.182+0000] {logging_mixin.py:188} INFO - [2025-08-18T14:01:51.182+0000] {dag.py:3036} INFO - Sync 1 DAGs
[2025-08-18T14:01:51.196+0000] {logging_mixin.py:188} INFO - [2025-08-18T14:01:51.196+0000] {dag.py:3823} INFO - Setting next_dagrun for ml_pipeline to None, run_after=None
[2025-08-18T14:01:51.224+0000] {processor.py:183} INFO - Processing /opt/airflow/dags/ml_pipeline.py took 0.114 seconds
[2025-08-18T14:06:09.556+0000] {processor.py:161} INFO - Started process (PID=3163) to work on /opt/airflow/dags/ml_pipeline.py
[2025-08-18T14:06:09.572+0000] {processor.py:830} INFO - Processing file /opt/airflow/dags/ml_pipeline.py for tasks to queue
[2025-08-18T14:06:09.595+0000] {logging_mixin.py:188} INFO - [2025-08-18T14:06:09.595+0000] {dagbag.py:538} INFO - Filling up the DagBag from /opt/airflow/dags/ml_pipeline.py
[2025-08-18T14:06:09.895+0000] {processor.py:840} INFO - DAG(s) 'ml_pipeline' retrieved from /opt/airflow/dags/ml_pipeline.py
[2025-08-18T14:06:09.979+0000] {logging_mixin.py:188} INFO - [2025-08-18T14:06:09.978+0000] {dag.py:3036} INFO - Sync 1 DAGs
[2025-08-18T14:06:10.012+0000] {logging_mixin.py:188} INFO - [2025-08-18T14:06:10.011+0000] {dag.py:3823} INFO - Setting next_dagrun for ml_pipeline to None, run_after=None
[2025-08-18T14:06:10.075+0000] {processor.py:183} INFO - Processing /opt/airflow/dags/ml_pipeline.py took 0.536 seconds
[2025-08-18T14:06:40.390+0000] {processor.py:161} INFO - Started process (PID=3168) to work on /opt/airflow/dags/ml_pipeline.py
[2025-08-18T14:06:40.392+0000] {processor.py:830} INFO - Processing file /opt/airflow/dags/ml_pipeline.py for tasks to queue
[2025-08-18T14:06:40.394+0000] {logging_mixin.py:188} INFO - [2025-08-18T14:06:40.393+0000] {dagbag.py:538} INFO - Filling up the DagBag from /opt/airflow/dags/ml_pipeline.py
[2025-08-18T14:06:40.422+0000] {processor.py:840} INFO - DAG(s) 'ml_pipeline' retrieved from /opt/airflow/dags/ml_pipeline.py
[2025-08-18T14:06:40.460+0000] {logging_mixin.py:188} INFO - [2025-08-18T14:06:40.460+0000] {dag.py:3036} INFO - Sync 1 DAGs
[2025-08-18T14:06:40.481+0000] {logging_mixin.py:188} INFO - [2025-08-18T14:06:40.480+0000] {dag.py:3823} INFO - Setting next_dagrun for ml_pipeline to None, run_after=None
[2025-08-18T14:06:40.516+0000] {processor.py:183} INFO - Processing /opt/airflow/dags/ml_pipeline.py took 0.131 seconds
[2025-08-18T14:07:10.630+0000] {processor.py:161} INFO - Started process (PID=3184) to work on /opt/airflow/dags/ml_pipeline.py
[2025-08-18T14:07:10.633+0000] {processor.py:830} INFO - Processing file /opt/airflow/dags/ml_pipeline.py for tasks to queue
[2025-08-18T14:07:10.636+0000] {logging_mixin.py:188} INFO - [2025-08-18T14:07:10.635+0000] {dagbag.py:538} INFO - Filling up the DagBag from /opt/airflow/dags/ml_pipeline.py
[2025-08-18T14:07:10.681+0000] {processor.py:840} INFO - DAG(s) 'ml_pipeline' retrieved from /opt/airflow/dags/ml_pipeline.py
[2025-08-18T14:07:10.745+0000] {logging_mixin.py:188} INFO - [2025-08-18T14:07:10.744+0000] {dag.py:3036} INFO - Sync 1 DAGs
[2025-08-18T14:07:10.767+0000] {logging_mixin.py:188} INFO - [2025-08-18T14:07:10.767+0000] {dag.py:3823} INFO - Setting next_dagrun for ml_pipeline to None, run_after=None
[2025-08-18T14:07:10.801+0000] {processor.py:183} INFO - Processing /opt/airflow/dags/ml_pipeline.py took 0.181 seconds
[2025-08-18T14:07:41.231+0000] {processor.py:161} INFO - Started process (PID=3257) to work on /opt/airflow/dags/ml_pipeline.py
[2025-08-18T14:07:41.233+0000] {processor.py:830} INFO - Processing file /opt/airflow/dags/ml_pipeline.py for tasks to queue
[2025-08-18T14:07:41.235+0000] {logging_mixin.py:188} INFO - [2025-08-18T14:07:41.235+0000] {dagbag.py:538} INFO - Filling up the DagBag from /opt/airflow/dags/ml_pipeline.py
[2025-08-18T14:07:41.268+0000] {processor.py:840} INFO - DAG(s) 'ml_pipeline' retrieved from /opt/airflow/dags/ml_pipeline.py
[2025-08-18T14:07:41.309+0000] {logging_mixin.py:188} INFO - [2025-08-18T14:07:41.309+0000] {dag.py:3036} INFO - Sync 1 DAGs
[2025-08-18T14:07:41.328+0000] {logging_mixin.py:188} INFO - [2025-08-18T14:07:41.328+0000] {dag.py:3823} INFO - Setting next_dagrun for ml_pipeline to None, run_after=None
[2025-08-18T14:07:41.358+0000] {processor.py:183} INFO - Processing /opt/airflow/dags/ml_pipeline.py took 0.133 seconds
[2025-08-18T14:08:11.470+0000] {processor.py:161} INFO - Started process (PID=3336) to work on /opt/airflow/dags/ml_pipeline.py
[2025-08-18T14:08:11.472+0000] {processor.py:830} INFO - Processing file /opt/airflow/dags/ml_pipeline.py for tasks to queue
[2025-08-18T14:08:11.473+0000] {logging_mixin.py:188} INFO - [2025-08-18T14:08:11.472+0000] {dagbag.py:538} INFO - Filling up the DagBag from /opt/airflow/dags/ml_pipeline.py
[2025-08-18T14:08:11.507+0000] {processor.py:840} INFO - DAG(s) 'ml_pipeline' retrieved from /opt/airflow/dags/ml_pipeline.py
[2025-08-18T14:08:11.564+0000] {logging_mixin.py:188} INFO - [2025-08-18T14:08:11.564+0000] {dag.py:3036} INFO - Sync 1 DAGs
[2025-08-18T14:08:11.588+0000] {logging_mixin.py:188} INFO - [2025-08-18T14:08:11.587+0000] {dag.py:3823} INFO - Setting next_dagrun for ml_pipeline to None, run_after=None
[2025-08-18T14:08:11.633+0000] {processor.py:183} INFO - Processing /opt/airflow/dags/ml_pipeline.py took 0.168 seconds
[2025-08-18T14:08:41.857+0000] {processor.py:161} INFO - Started process (PID=3343) to work on /opt/airflow/dags/ml_pipeline.py
[2025-08-18T14:08:41.859+0000] {processor.py:830} INFO - Processing file /opt/airflow/dags/ml_pipeline.py for tasks to queue
[2025-08-18T14:08:41.861+0000] {logging_mixin.py:188} INFO - [2025-08-18T14:08:41.860+0000] {dagbag.py:538} INFO - Filling up the DagBag from /opt/airflow/dags/ml_pipeline.py
[2025-08-18T14:08:41.889+0000] {processor.py:840} INFO - DAG(s) 'ml_pipeline' retrieved from /opt/airflow/dags/ml_pipeline.py
[2025-08-18T14:08:41.929+0000] {logging_mixin.py:188} INFO - [2025-08-18T14:08:41.928+0000] {dag.py:3036} INFO - Sync 1 DAGs
[2025-08-18T14:08:41.943+0000] {logging_mixin.py:188} INFO - [2025-08-18T14:08:41.943+0000] {dag.py:3823} INFO - Setting next_dagrun for ml_pipeline to None, run_after=None
[2025-08-18T14:08:41.969+0000] {processor.py:183} INFO - Processing /opt/airflow/dags/ml_pipeline.py took 0.116 seconds
[2025-08-18T14:09:12.080+0000] {processor.py:161} INFO - Started process (PID=3348) to work on /opt/airflow/dags/ml_pipeline.py
[2025-08-18T14:09:12.082+0000] {processor.py:830} INFO - Processing file /opt/airflow/dags/ml_pipeline.py for tasks to queue
[2025-08-18T14:09:12.084+0000] {logging_mixin.py:188} INFO - [2025-08-18T14:09:12.083+0000] {dagbag.py:538} INFO - Filling up the DagBag from /opt/airflow/dags/ml_pipeline.py
[2025-08-18T14:09:12.115+0000] {processor.py:840} INFO - DAG(s) 'ml_pipeline' retrieved from /opt/airflow/dags/ml_pipeline.py
[2025-08-18T14:09:12.175+0000] {logging_mixin.py:188} INFO - [2025-08-18T14:09:12.175+0000] {dag.py:3036} INFO - Sync 1 DAGs
[2025-08-18T14:09:12.196+0000] {logging_mixin.py:188} INFO - [2025-08-18T14:09:12.195+0000] {dag.py:3823} INFO - Setting next_dagrun for ml_pipeline to None, run_after=None
[2025-08-18T14:09:12.222+0000] {processor.py:183} INFO - Processing /opt/airflow/dags/ml_pipeline.py took 0.148 seconds
[2025-08-18T14:09:42.438+0000] {processor.py:161} INFO - Started process (PID=3353) to work on /opt/airflow/dags/ml_pipeline.py
[2025-08-18T14:09:42.440+0000] {processor.py:830} INFO - Processing file /opt/airflow/dags/ml_pipeline.py for tasks to queue
[2025-08-18T14:09:42.442+0000] {logging_mixin.py:188} INFO - [2025-08-18T14:09:42.441+0000] {dagbag.py:538} INFO - Filling up the DagBag from /opt/airflow/dags/ml_pipeline.py
[2025-08-18T14:09:42.471+0000] {processor.py:840} INFO - DAG(s) 'ml_pipeline' retrieved from /opt/airflow/dags/ml_pipeline.py
[2025-08-18T14:09:42.511+0000] {logging_mixin.py:188} INFO - [2025-08-18T14:09:42.511+0000] {dag.py:3036} INFO - Sync 1 DAGs
[2025-08-18T14:09:42.530+0000] {logging_mixin.py:188} INFO - [2025-08-18T14:09:42.530+0000] {dag.py:3823} INFO - Setting next_dagrun for ml_pipeline to None, run_after=None
[2025-08-18T14:09:42.562+0000] {processor.py:183} INFO - Processing /opt/airflow/dags/ml_pipeline.py took 0.129 seconds
[2025-08-18T14:10:12.643+0000] {processor.py:161} INFO - Started process (PID=3358) to work on /opt/airflow/dags/ml_pipeline.py
[2025-08-18T14:10:12.645+0000] {processor.py:830} INFO - Processing file /opt/airflow/dags/ml_pipeline.py for tasks to queue
[2025-08-18T14:10:12.646+0000] {logging_mixin.py:188} INFO - [2025-08-18T14:10:12.646+0000] {dagbag.py:538} INFO - Filling up the DagBag from /opt/airflow/dags/ml_pipeline.py
[2025-08-18T14:10:12.675+0000] {processor.py:840} INFO - DAG(s) 'ml_pipeline' retrieved from /opt/airflow/dags/ml_pipeline.py
[2025-08-18T14:10:12.712+0000] {logging_mixin.py:188} INFO - [2025-08-18T14:10:12.711+0000] {dag.py:3036} INFO - Sync 1 DAGs
[2025-08-18T14:10:12.726+0000] {logging_mixin.py:188} INFO - [2025-08-18T14:10:12.726+0000] {dag.py:3823} INFO - Setting next_dagrun for ml_pipeline to None, run_after=None
[2025-08-18T14:10:12.754+0000] {processor.py:183} INFO - Processing /opt/airflow/dags/ml_pipeline.py took 0.116 seconds
[2025-08-18T14:10:42.995+0000] {processor.py:161} INFO - Started process (PID=3363) to work on /opt/airflow/dags/ml_pipeline.py
[2025-08-18T14:10:42.996+0000] {processor.py:830} INFO - Processing file /opt/airflow/dags/ml_pipeline.py for tasks to queue
[2025-08-18T14:10:42.998+0000] {logging_mixin.py:188} INFO - [2025-08-18T14:10:42.998+0000] {dagbag.py:538} INFO - Filling up the DagBag from /opt/airflow/dags/ml_pipeline.py
[2025-08-18T14:10:43.028+0000] {processor.py:840} INFO - DAG(s) 'ml_pipeline' retrieved from /opt/airflow/dags/ml_pipeline.py
[2025-08-18T14:10:43.063+0000] {logging_mixin.py:188} INFO - [2025-08-18T14:10:43.062+0000] {dag.py:3036} INFO - Sync 1 DAGs
[2025-08-18T14:10:43.077+0000] {logging_mixin.py:188} INFO - [2025-08-18T14:10:43.077+0000] {dag.py:3823} INFO - Setting next_dagrun for ml_pipeline to None, run_after=None
[2025-08-18T14:10:43.105+0000] {processor.py:183} INFO - Processing /opt/airflow/dags/ml_pipeline.py took 0.114 seconds
[2025-08-18T14:11:13.214+0000] {processor.py:161} INFO - Started process (PID=3368) to work on /opt/airflow/dags/ml_pipeline.py
[2025-08-18T14:11:13.216+0000] {processor.py:830} INFO - Processing file /opt/airflow/dags/ml_pipeline.py for tasks to queue
[2025-08-18T14:11:13.217+0000] {logging_mixin.py:188} INFO - [2025-08-18T14:11:13.217+0000] {dagbag.py:538} INFO - Filling up the DagBag from /opt/airflow/dags/ml_pipeline.py
[2025-08-18T14:11:13.245+0000] {processor.py:840} INFO - DAG(s) 'ml_pipeline' retrieved from /opt/airflow/dags/ml_pipeline.py
[2025-08-18T14:11:13.283+0000] {logging_mixin.py:188} INFO - [2025-08-18T14:11:13.283+0000] {dag.py:3036} INFO - Sync 1 DAGs
[2025-08-18T14:11:13.300+0000] {logging_mixin.py:188} INFO - [2025-08-18T14:11:13.299+0000] {dag.py:3823} INFO - Setting next_dagrun for ml_pipeline to None, run_after=None
[2025-08-18T14:11:13.327+0000] {processor.py:183} INFO - Processing /opt/airflow/dags/ml_pipeline.py took 0.117 seconds
[2025-08-18T14:11:43.576+0000] {processor.py:161} INFO - Started process (PID=3373) to work on /opt/airflow/dags/ml_pipeline.py
[2025-08-18T14:11:43.578+0000] {processor.py:830} INFO - Processing file /opt/airflow/dags/ml_pipeline.py for tasks to queue
[2025-08-18T14:11:43.580+0000] {logging_mixin.py:188} INFO - [2025-08-18T14:11:43.579+0000] {dagbag.py:538} INFO - Filling up the DagBag from /opt/airflow/dags/ml_pipeline.py
[2025-08-18T14:11:43.607+0000] {processor.py:840} INFO - DAG(s) 'ml_pipeline' retrieved from /opt/airflow/dags/ml_pipeline.py
[2025-08-18T14:11:43.649+0000] {logging_mixin.py:188} INFO - [2025-08-18T14:11:43.648+0000] {dag.py:3036} INFO - Sync 1 DAGs
[2025-08-18T14:11:43.664+0000] {logging_mixin.py:188} INFO - [2025-08-18T14:11:43.664+0000] {dag.py:3823} INFO - Setting next_dagrun for ml_pipeline to None, run_after=None
[2025-08-18T14:11:43.692+0000] {processor.py:183} INFO - Processing /opt/airflow/dags/ml_pipeline.py took 0.120 seconds
[2025-08-18T14:12:13.787+0000] {processor.py:161} INFO - Started process (PID=3378) to work on /opt/airflow/dags/ml_pipeline.py
[2025-08-18T14:12:13.789+0000] {processor.py:830} INFO - Processing file /opt/airflow/dags/ml_pipeline.py for tasks to queue
[2025-08-18T14:12:13.791+0000] {logging_mixin.py:188} INFO - [2025-08-18T14:12:13.790+0000] {dagbag.py:538} INFO - Filling up the DagBag from /opt/airflow/dags/ml_pipeline.py
[2025-08-18T14:12:13.818+0000] {processor.py:840} INFO - DAG(s) 'ml_pipeline' retrieved from /opt/airflow/dags/ml_pipeline.py
[2025-08-18T14:12:13.861+0000] {logging_mixin.py:188} INFO - [2025-08-18T14:12:13.861+0000] {dag.py:3036} INFO - Sync 1 DAGs
[2025-08-18T14:12:13.877+0000] {logging_mixin.py:188} INFO - [2025-08-18T14:12:13.877+0000] {dag.py:3823} INFO - Setting next_dagrun for ml_pipeline to None, run_after=None
[2025-08-18T14:12:13.906+0000] {processor.py:183} INFO - Processing /opt/airflow/dags/ml_pipeline.py took 0.124 seconds
[2025-08-18T14:12:44.097+0000] {processor.py:161} INFO - Started process (PID=3383) to work on /opt/airflow/dags/ml_pipeline.py
[2025-08-18T14:12:44.100+0000] {processor.py:830} INFO - Processing file /opt/airflow/dags/ml_pipeline.py for tasks to queue
[2025-08-18T14:12:44.101+0000] {logging_mixin.py:188} INFO - [2025-08-18T14:12:44.101+0000] {dagbag.py:538} INFO - Filling up the DagBag from /opt/airflow/dags/ml_pipeline.py
[2025-08-18T14:12:44.128+0000] {processor.py:840} INFO - DAG(s) 'ml_pipeline' retrieved from /opt/airflow/dags/ml_pipeline.py
[2025-08-18T14:12:44.178+0000] {logging_mixin.py:188} INFO - [2025-08-18T14:12:44.178+0000] {dag.py:3036} INFO - Sync 1 DAGs
[2025-08-18T14:12:44.197+0000] {logging_mixin.py:188} INFO - [2025-08-18T14:12:44.197+0000] {dag.py:3823} INFO - Setting next_dagrun for ml_pipeline to None, run_after=None
[2025-08-18T14:12:44.231+0000] {processor.py:183} INFO - Processing /opt/airflow/dags/ml_pipeline.py took 0.138 seconds
